// Jest Snapshot v1, https://goo.gl/fbAQLP

exports[`Calculator test testing the AC Button 1`] = `
Object {
  "next": null,
  "operation": null,
  "total": null,
}
`;
