// Jest Snapshot v1, https://goo.gl/fbAQLP

exports[`renders correctly 1`] = `
<section
  className="d-flex calculator  w-100 justify-content-around"
>
  <p
    c={true}
    className="py-5 my-5"
  >
    Let's do some math!!
  </p>
  <div
    className="container-cal "
  >
    <div
      className="result"
    >
      0
    </div>
    <ul
      className="cal-table"
    >
      <li
        aria-hidden="true"
        className="cal-item makefalse"
        onClick={[Function]}
      >
        AC
      </li>
      <li
        aria-hidden="true"
        className="cal-item"
        onClick={[Function]}
      >
        +/-
      </li>
      <li
        aria-hidden="true"
        className="cal-item"
        onClick={[Function]}
      >
        %
      </li>
      <li
        aria-hidden="true"
        className="cal-item bg-orange"
        onClick={[Function]}
      >
        รท
      </li>
      <li
        aria-hidden="true"
        className="cal-item"
        onClick={[Function]}
      >
        7
      </li>
      <li
        aria-hidden="true"
        className="cal-item"
        onClick={[Function]}
      >
        8
      </li>
      <li
        aria-hidden="true"
        className="cal-item"
        onClick={[Function]}
      >
        9
      </li>
      <li
        aria-hidden="true"
        className="cal-item bg-orange"
        onClick={[Function]}
      >
        x
      </li>
      <li
        aria-hidden="true"
        className="cal-item"
        onClick={[Function]}
      >
        4
      </li>
      <li
        aria-hidden="true"
        className="cal-item"
        onClick={[Function]}
      >
        5
      </li>
      <li
        aria-hidden="true"
        className="cal-item"
        onClick={[Function]}
      >
        6
      </li>
      <li
        aria-hidden="true"
        className="cal-item bg-orange"
        onClick={[Function]}
      >
        -
      </li>
      <li
        aria-hidden="true"
        className="cal-item"
        onClick={[Function]}
      >
        1
      </li>
      <li
        aria-hidden="true"
        className="cal-item"
        onClick={[Function]}
      >
        2
      </li>
      <li
        aria-hidden="true"
        className="cal-item"
        onClick={[Function]}
      >
        3
      </li>
      <li
        aria-hidden="true"
        className="cal-item bg-orange"
        onClick={[Function]}
      >
        +
      </li>
      <li
        aria-hidden="true"
        className="cal-item item-0"
        onClick={[Function]}
      >
        0
      </li>
      <li
        aria-hidden="true"
        className="cal-item"
        onClick={[Function]}
      >
        .
      </li>
      <li
        aria-hidden="true"
        className="cal-item bg-orange"
        onClick={[Function]}
      >
        =
      </li>
    </ul>
  </div>
</section>
`;
